 ------------------------------------------------------------------------------------------------------------------------------------------------------- 
| Snapshot                | WNS                  | TNS                  | Density (%) | Hotspot                   | Resource               | DRVs       |
|                         | HEPG (ns) | ALL (ns) | HEPG (ns) | ALL (ns) |             | Max (bins) | Total (bins) | Real (s) | Memory (MB) | Tran | Cap |
|-------------------------+-----------+----------+-----------+----------+-------------+------------+--------------+----------+-------------+------+-----|
| initial_summary         |           |    0.000 |           |        0 |       36.51 |            |              | 0:00:00  |        5433 |    0 |   0 |
| route_type_refinement   |           |          |           |          |             |            |              | 0:00:00  |        5436 |      |     |
| simplify_netlist        |           |          |           |          |             |            |              | 0:00:00  |        5452 |      |     |
| excluded_clk_net_fixing |           |          |           |          |             |            |              | 0:00:00  |        5452 |      |     |
| global_opt              |           |    2.681 |           |        0 |       36.51 |            |              | 0:00:01  |        5476 |      |     |
| area_reclaiming         |     0.000 |    2.681 |         0 |        0 |       36.48 |            |              | 0:00:01  |        5582 |      |     |
| area_reclaiming_2       |     0.000 |    2.681 |         0 |        0 |       36.48 |            |              | 0:00:01  |        5583 |      |     |
| local_wire_reclaim      |           |          |           |          |             |            |              | 0:00:05  |        5591 |      |     |
| global_route            |           |          |           |          |             |       3.02 |        44.20 | 0:00:01  |        5459 |      |     |
| route_type_refinement_2 |           |          |           |          |             |            |              | 0:00:00  |        5459 |      |     |
| drv_eco_fixing          |     0.000 |    2.681 |         0 |        0 |       36.49 |            |              | 0:00:00  |        5589 |    0 |   1 |
| final_summary           |           |    0.000 |           |        0 |       36.49 |            |              | 0:00:02  |        5533 |    0 |   0 |
 ------------------------------------------------------------------------------------------------------------------------------------------------------- 
