 ------------------------------------------------------------------------------------------------------------------------------------------------------- 
| Snapshot                | WNS                  | TNS                  | Density (%) | Hotspot                   | Resource               | DRVs       |
|                         | HEPG (ns) | ALL (ns) | HEPG (ns) | ALL (ns) |             | Max (bins) | Total (bins) | Real (s) | Memory (MB) | Tran | Cap |
|-------------------------+-----------+----------+-----------+----------+-------------+------------+--------------+----------+-------------+------+-----|
| initial_summary         |           |   -2.417 |           |       -2 |        5.34 |            |              | 0:00:01  |        4396 |  134 | 317 |
| simplify_netlist        |           |          |           |          |             |            |              | 0:00:00  |        4414 |      |     |
| drv_fixing              |     0.000 |    2.678 |         0 |        0 |        5.34 |            |              | 0:00:01  |        4417 |      |     |
| drv_fixing_2            |     0.000 |    2.678 |         0 |        0 |        5.57 |            |              | 0:00:01  |        4700 |    0 |   1 |
| global_opt              |           |    2.678 |           |        0 |        5.57 |            |              | 0:00:01  |        4722 |      |     |
| area_reclaiming         |     0.000 |    2.678 |         0 |        0 |        5.55 |            |              | 0:00:01  |        4732 |      |     |
| incremental_replacement |    -0.579 |   -0.579 |           |       -1 |             |       3.67 |        23.87 | 0:00:14  |        4772 |      |     |
| drv_fixing_3            |     2.675 |   -0.579 |         0 |       -1 |        5.55 |            |              | 0:00:00  |        4902 |    0 |   0 |
| tns_fixing              |     0.000 |    2.675 |         0 |        0 |        5.55 |            |              | 0:00:01  |        5341 |      |     |
| wns_fixing              |     0.000 |    2.675 |         0 |        0 |        5.55 |            |              | 0:00:00  |        5342 |      |     |
| tns_fixing_2            |     0.000 |    2.675 |         0 |        0 |        5.55 |            |              | 0:00:01  |        5342 |      |     |
| area_reclaiming_2       |     0.000 |    2.675 |         0 |        0 |        5.55 |            |              | 0:00:01  |        4946 |      |     |
| drv_eco_fixing          |     0.000 |    2.675 |         0 |        0 |        5.55 |            |              | 0:00:00  |        4947 |    0 |   1 |
| final_summary           |           |   -0.579 |           |       -1 |        5.55 |            |              | 0:00:02  |        4852 |    0 |   0 |
 ------------------------------------------------------------------------------------------------------------------------------------------------------- 
