 ------------------------------------------------------------------------------------------------------------------------------------------------------- 
| Snapshot                | WNS                  | TNS                  | Density (%) | Hotspot                   | Resource               | DRVs       |
|                         | HEPG (ns) | ALL (ns) | HEPG (ns) | ALL (ns) |             | Max (bins) | Total (bins) | Real (s) | Memory (MB) | Tran | Cap |
|-------------------------+-----------+----------+-----------+----------+-------------+------------+--------------+----------+-------------+------+-----|
| initial_summary         |           |   -2.546 |           |       -3 |       35.19 |            |              | 0:00:02  |        4639 |  119 | 317 |
| simplify_netlist        |           |          |           |          |             |            |              | 0:00:01  |        4655 |      |     |
| drv_fixing              |     0.000 |    2.681 |         0 |        0 |       35.19 |            |              | 0:00:01  |        4660 |      |     |
| drv_fixing_2            |     0.000 |    2.681 |         0 |        0 |       36.63 |            |              | 0:00:02  |        4835 |    0 |   1 |
| global_opt              |           |    2.681 |           |        0 |       36.63 |            |              | 0:00:00  |        4853 |      |     |
| area_reclaiming         |     0.000 |    2.681 |         0 |        0 |       36.52 |            |              | 0:00:01  |        4867 |      |     |
| incremental_replacement |    -0.616 |   -0.616 |           |       -1 |             |       4.20 |        48.52 | 0:00:18  |        5295 |      |     |
| drv_fixing_3            |     2.679 |   -0.616 |         0 |       -1 |       36.54 |            |              | 0:00:01  |        5044 |    0 |   0 |
| tns_fixing              |     0.000 |    2.679 |         0 |        0 |       36.54 |            |              | 0:00:01  |        5494 |      |     |
| wns_fixing              |     0.000 |    2.679 |         0 |        0 |       36.54 |            |              | 0:00:01  |        5491 |      |     |
| tns_fixing_2            |     0.000 |    2.679 |         0 |        0 |       36.54 |            |              | 0:00:01  |        5494 |      |     |
| area_reclaiming_2       |     0.000 |    2.679 |         0 |        0 |       36.52 |            |              | 0:00:01  |        5092 |      |     |
| drv_eco_fixing          |     0.000 |    2.679 |         0 |        0 |       36.52 |            |              | 0:00:00  |        5092 |    0 |   1 |
| final_summary           |           |   -0.616 |           |       -1 |       36.52 |            |              | 0:00:03  |        4990 |    0 |   0 |
 ------------------------------------------------------------------------------------------------------------------------------------------------------- 
