--------------------------------------------------------------------------------------
Timing Analyzer Summary
--------------------------------------------------------------------------------------

Type           : Worst-case tsu
Slack          : N/A
Required Time  : None
Actual Time    : 5.408 ns
From           : SWITCH1
To             : FIR_core:inst|START_INDEX[5]
From Clock     : --
To Clock       : 12_288MHz
Failed Paths   : 0

Type           : Worst-case tco
Slack          : N/A
Required Time  : None
Actual Time    : 13.636 ns
From           : PCM3006:inst6|LRCOUT_INT
To             : LRCIN
From Clock     : 12_288MHz
To Clock       : --
Failed Paths   : 0

Type           : Worst-case tpd
Slack          : N/A
Required Time  : None
Actual Time    : 1.879 ns
From           : altera_internal_jtag~TDO
To             : altera_reserved_tdo
From Clock     : --
To Clock       : --
Failed Paths   : 0

Type           : Worst-case th
Slack          : N/A
Required Time  : None
Actual Time    : 2.888 ns
From           : altera_internal_jtag~TMSUTAP
To             : sld_hub:sld_hub_inst|sld_jtag_state_machine:jtag_state_machine|tms_cnt[0]
From Clock     : --
To Clock       : altera_internal_jtag~TCKUTAP
Failed Paths   : 0

Type           : Clock Setup: '12_288MHz'
Slack          : N/A
Required Time  : None
Actual Time    : 46.91 MHz ( period = 21.317 ns )
From           : FIR_core:inst|CYCLONE_ROM:Altera_rom|altsyncram:altsyncram_component|altsyncram_r621:auto_generated|altsyncram_otd2:altsyncram1|ram_block3a0~porta_address_reg6
To             : FIR_core:inst|ACCU[31]
From Clock     : 12_288MHz
To Clock       : 12_288MHz
Failed Paths   : 0

Type           : Clock Setup: 'altera_internal_jtag~TCKUTAP'
Slack          : N/A
Required Time  : None
Actual Time    : 107.85 MHz ( period = 9.272 ns )
From           : sld_hub:sld_hub_inst|sld_dffex:\GEN_IRF:2:IRF|Q[2]
To             : sld_hub:sld_hub_inst|hub_tdo
From Clock     : altera_internal_jtag~TCKUTAP
To Clock       : altera_internal_jtag~TCKUTAP
Failed Paths   : 0

Type           : Total number of failed paths
Slack          : 
Required Time  : 
Actual Time    : 
From           : 
To             : 
From Clock     : 
To Clock       : 
Failed Paths   : 0

--------------------------------------------------------------------------------------

