 -------------------------------------------------------------------------------------- 
| Snapshot           | WNS   | TNS | Density (%) | Resource               | DRVs       |
|                    | ALL (ns)    |             | Real (s) | Memory (MB) | Tran | Cap |
|--------------------+-------+-----+-------------+----------+-------------+------+-----|
| initial_summary    | 0.000 |   0 |       35.62 | 0:00:04  |        5785 |    0 |   0 |
| ccopt_pro          |       |     |             | 0:00:01  |        6736 |      |     |
| route_type_fixing  |       |     |             | 0:00:01  |        6308 |      |     |
| pre_route_summary  | 0.000 |   0 |       35.62 | 0:00:00  |        6308 |    0 |   0 |
| eco_route          |       |     |             | 0:00:03  |        6320 |      |     |
| post_route_summary | 0.000 |   0 |       35.62 | 0:00:01  |        5820 |    0 |   0 |
| final_summary      | 0.000 |   0 |       35.62 | 0:00:04  |        5821 |    0 |   0 |
 -------------------------------------------------------------------------------------- 
