 ------------------------------------------------------------------------------------------------------------------------------------------------------- 
| Snapshot                | WNS                  | TNS                  | Density (%) | Hotspot                   | Resource               | DRVs       |
|                         | HEPG (ns) | ALL (ns) | HEPG (ns) | ALL (ns) |             | Max (bins) | Total (bins) | Real (s) | Memory (MB) | Tran | Cap |
|-------------------------+-----------+----------+-----------+----------+-------------+------------+--------------+----------+-------------+------+-----|
| initial_summary         |           |    0.000 |           |        0 |       41.95 |            |              | 0:00:00  |        5063 |    0 |   0 |
| route_type_refinement   |           |          |           |          |             |            |              | 0:00:00  |        5063 |      |     |
| simplify_netlist        |           |          |           |          |             |            |              | 0:00:00  |        5068 |      |     |
| excluded_clk_net_fixing |           |          |           |          |             |            |              | 0:00:00  |        5068 |      |     |
| global_opt              |           |    2.683 |           |        0 |       41.95 |            |              | 0:00:01  |        5098 |      |     |
| area_reclaiming         |     0.000 |    2.683 |         0 |        0 |       41.93 |            |              | 0:00:01  |        5118 |      |     |
| area_reclaiming_2       |     0.000 |    2.683 |         0 |        0 |       41.93 |            |              | 0:00:01  |        5120 |      |     |
| local_wire_reclaim      |           |          |           |          |             |            |              | 0:00:07  |        5129 |      |     |
| global_route            |           |          |           |          |             |       3.28 |        33.70 | 0:00:01  |        5077 |      |     |
| route_type_refinement_2 |           |          |           |          |             |            |              | 0:00:00  |        5077 |      |     |
| drv_eco_fixing          |     0.000 |    2.683 |         0 |        0 |       41.93 |            |              | 0:00:01  |        5170 |   33 |  43 |
| final_summary           |           |    0.000 |           |        0 |       41.93 |            |              | 0:00:03  |        5154 |    0 |   0 |
 ------------------------------------------------------------------------------------------------------------------------------------------------------- 
