MIF/HEX Update report for ex18
Mon Sep 18 20:42:11 2006
Version 6.0 Build 202 06/20/2006 Service Pack 1 SJ Web Edition


---------------------
; Table of Contents ;
---------------------
  1. Legal Notice
  2. MIF/HEX Update Summary
  3. MIF/HEX Update Processed Files
  4. MIF/HEX Update Messages



----------------
; Legal Notice ;
----------------
Copyright (C) 1991-2006 Altera Corporation
Your use of Altera Corporation's design tools, logic functions 
and other software and tools, and its AMPP partner logic 
functions, and any output files any of the foregoing 
(including device programming or simulation files), and any 
associated documentation or information are expressly subject 
to the terms and conditions of the Altera Program License 
Subscription Agreement, Altera MegaCore Function License 
Agreement, or other applicable license agreement, including, 
without limitation, that your use is for the sole purpose of 
programming logic devices manufactured by Altera and sold by 
Altera or its authorized distributors.  Please refer to the 
applicable agreement for further details.



+---------------------------------------------------------------+
; MIF/HEX Update Summary                                        ;
+-----------------------+---------------------------------------+
; MIF/HEX Update Status ; Successful - Mon Sep 18 20:42:11 2006 ;
; Revision Name         ; ex18                                  ;
; Top-level Entity Name ; T8052_Toplevel                        ;
; Family                ; Cyclone                               ;
; Device                ; EP1C12F256C7                          ;
+-----------------------+---------------------------------------+


+----------------------------------------------+
; MIF/HEX Update Processed Files               ;
+----------------------------------------------+
; File Name                                    ;
+----------------------------------------------+
; C:/altera/FPGA_course/ex18/firmware/ex18.hex ;
+----------------------------------------------+


+-------------------------+
; MIF/HEX Update Messages ;
+-------------------------+
Info: *******************************************************************
Info: Running Quartus II MIF/HEX Update
    Info: Version 6.0 Build 202 06/20/2006 Service Pack 1 SJ Web Edition
    Info: Processing started: Mon Sep 18 20:42:10 2006
Info: Command: quartus_cdb ex18 -c ex18 --update_mif
Warning: Can't find Memory Initialization File none -- skipped updates for this file
Warning: Memory depth value (8192) in design file differs from memory depth value (4097) in Memory Initialization File -- setting initial value for remaining addresses to 0
Info: Processed the following Memory Initialization File(s)
    Info: Processed Memory Initialization File C:/altera/FPGA_course/ex18/firmware/ex18.hex
Info: Quartus II MIF/HEX Update was successful. 0 errors, 2 warnings
    Info: Processing ended: Mon Sep 18 20:42:11 2006
    Info: Elapsed time: 00:00:02


