--------------------------------------------------------------------------------------
Timing Analyzer Summary
--------------------------------------------------------------------------------------

Type           : Worst-case tsu
Slack          : N/A
Required Time  : None
Actual Time    : 15.060 ns
From           : SWITCH1
To             : T8052:u0|T51:core51|T51_RAM_Altera:\Altera_MODEL:ram|wrdata_r[6]
From Clock     : --
To Clock       : clk_50MHz
Failed Paths   : 0

Type           : Worst-case tco
Slack          : N/A
Required Time  : None
Actual Time    : 12.483 ns
From           : T8052:u0|sevenseg_if:SevSeg|SevenSegMux[0]
To             : SevenSeg_D_o[2]
From Clock     : clk_50MHz
To Clock       : --
Failed Paths   : 0

Type           : Worst-case tpd
Slack          : N/A
Required Time  : None
Actual Time    : 1.879 ns
From           : altera_internal_jtag~TDO
To             : altera_reserved_tdo
From Clock     : --
To Clock       : --
Failed Paths   : 0

Type           : Worst-case th
Slack          : N/A
Required Time  : None
Actual Time    : 3.285 ns
From           : altera_internal_jtag
To             : sld_hub:sld_hub_inst|sld_dffex:IRF_ENA|Q[0]
From Clock     : --
To Clock       : altera_internal_jtag~TCKUTAP
Failed Paths   : 0

Type           : Clock Setup: 'altpll0:\use_dll:dll|altpll:altpll_component|_clk0'
Slack          : 9.626 ns
Required Time  : 25.00 MHz ( period = 40.000 ns )
Actual Time    : 32.92 MHz ( period = 30.374 ns )
From           : T8052:u0|T51:core51|Inst[3]
To             : T8052:u0|T51:core51|SFR_RData_r[2]
From Clock     : altpll0:\use_dll:dll|altpll:altpll_component|_clk0
To Clock       : altpll0:\use_dll:dll|altpll:altpll_component|_clk0
Failed Paths   : 0

Type           : Clock Setup: 'altera_internal_jtag~TCKUTAP'
Slack          : N/A
Required Time  : None
Actual Time    : 82.33 MHz ( period = 12.146 ns )
From           : sld_hub:sld_hub_inst|sld_dffex:\GEN_IRF:1:IRF|Q[1]
To             : sld_hub:sld_hub_inst|hub_tdo
From Clock     : altera_internal_jtag~TCKUTAP
To Clock       : altera_internal_jtag~TCKUTAP
Failed Paths   : 0

Type           : Clock Hold: 'altpll0:\use_dll:dll|altpll:altpll_component|_clk0'
Slack          : 0.727 ns
Required Time  : 25.00 MHz ( period = 40.000 ns )
Actual Time    : N/A
From           : T8052:u0|T51:core51|PC[10]
To             : T8052:u0|T51:core51|PC[10]
From Clock     : altpll0:\use_dll:dll|altpll:altpll_component|_clk0
To Clock       : altpll0:\use_dll:dll|altpll:altpll_component|_clk0
Failed Paths   : 0

Type           : Total number of failed paths
Slack          : 
Required Time  : 
Actual Time    : 
From           : 
To             : 
From Clock     : 
To Clock       : 
Failed Paths   : 0

--------------------------------------------------------------------------------------

