 -------------------------------------------------------------------------------------------------------------------------------------------------------- 
| Snapshot                | WNS                  | TNS                  | Density (%) | Hotspot                   | Resource               | DRVs        |
|                         | HEPG (ns) | ALL (ns) | HEPG (ns) | ALL (ns) |             | Max (bins) | Total (bins) | Real (s) | Memory (MB) | Tran | Cap  |
|-------------------------+-----------+----------+-----------+----------+-------------+------------+--------------+----------+-------------+------+------|
| initial_summary         |           |   -6.814 |           |    -2413 |       55.48 |            |              | 0:00:02  |        4507 |    0 |    0 |
| simplify_netlist        |           |          |           |          |             |            |              | 0:00:01  |        4524 |      |      |
| drv_fixing              |     0.000 |   -3.887 |         0 |    -1983 |       55.48 |            |              | 0:00:00  |        4526 |      |      |
| global_opt              |           |   -1.746 |           |    -1736 |       56.05 |            |              | 0:00:04  |        4727 |      |      |
| area_reclaiming         |     0.000 |   -1.746 |         0 |    -1736 |       56.01 |            |              | 0:00:01  |        4730 |      |      |
| incremental_replacement |    -6.752 |   -6.752 |           |    -2165 |             |       0.44 |         2.67 | 0:00:20  |        4865 |      |      |
| tns_fixing              |    -1.616 |   -1.616 |     -1269 |    -1641 |       56.44 |            |              | 0:00:06  |        5626 |      |      |
| wns_fixing              |    -0.980 |   -0.980 |     -1243 |    -1618 |       56.90 |            |              | 0:00:08  |        5641 |      |      |
| tns_fixing_2            |    -0.980 |   -0.980 |     -1211 |    -1586 |       59.47 |            |              | 0:00:07  |        5654 |      |      |
| area_reclaiming_2       |    -0.980 |   -0.980 |     -1211 |    -1586 |       59.02 |            |              | 0:00:01  |        5108 |      |      |
| drv_eco_fixing          |    -0.980 |   -0.980 |     -1211 |    -1586 |       59.02 |            |              | 0:00:01  |        5109 |    0 | 4270 |
| final_summary           |    -0.980 |   -6.752 |           |    -2017 |       59.02 |            |              | 0:00:04  |        5006 |    0 |    0 |
 -------------------------------------------------------------------------------------------------------------------------------------------------------- 
