 ------------------------------------------------------------------------------------------------------------------------------------------------------- 
| Snapshot                | WNS                  | TNS                  | Density (%) | Hotspot                   | Resource               | DRVs       |
|                         | HEPG (ns) | ALL (ns) | HEPG (ns) | ALL (ns) |             | Max (bins) | Total (bins) | Real (s) | Memory (MB) | Tran | Cap |
|-------------------------+-----------+----------+-----------+----------+-------------+------------+--------------+----------+-------------+------+-----|
| initial_summary         |           |    0.000 |           |        0 |       35.19 |            |              | 0:00:01  |        4582 |  117 | 317 |
| simplify_netlist        |           |          |           |          |             |            |              | 0:00:01  |        4598 |      |     |
| drv_fixing              |     0.000 |    2.681 |         0 |        0 |       35.19 |            |              | 0:00:00  |        4600 |      |     |
| drv_fixing_2            |     0.000 |    2.681 |         0 |        0 |       36.63 |            |              | 0:00:02  |        4781 |    0 |   1 |
| global_opt              |           |    2.681 |           |        0 |       36.63 |            |              | 0:00:00  |        4814 |      |     |
| area_reclaiming         |     0.000 |    2.681 |         0 |        0 |       36.52 |            |              | 0:00:01  |        4801 |      |     |
| incremental_replacement |           |          |           |          |             |       3.54 |        34.49 | 0:00:15  |        5229 |      |     |
| drv_fixing_3            |     2.679 |    0.000 |         0 |        0 |       36.54 |            |              | 0:00:01  |        4987 |    0 |   0 |
| area_reclaiming_2       |     0.000 |    2.679 |         0 |        0 |       36.53 |            |              | 0:00:01  |        4990 |      |     |
| drv_eco_fixing          |     0.000 |    2.679 |         0 |        0 |       36.53 |            |              | 0:00:00  |        4991 |    0 |   1 |
| final_summary           |           |    0.000 |           |        0 |       36.53 |            |              | 0:00:02  |        4886 |    0 |   0 |
 ------------------------------------------------------------------------------------------------------------------------------------------------------- 
