 ------------------------------------------------------------------------------------------------------------------------------------------------------- 
| Snapshot                | WNS                  | TNS                  | Density (%) | Hotspot                   | Resource               | DRVs       |
|                         | HEPG (ns) | ALL (ns) | HEPG (ns) | ALL (ns) |             | Max (bins) | Total (bins) | Real (s) | Memory (MB) | Tran | Cap |
|-------------------------+-----------+----------+-----------+----------+-------------+------------+--------------+----------+-------------+------+-----|
| initial_summary         |           |    0.000 |           |        0 |       40.50 |            |              | 0:00:02  |        4831 |   83 | 264 |
| simplify_netlist        |           |          |           |          |             |            |              | 0:00:01  |        4852 |      |     |
| drv_fixing              |     0.000 |    2.681 |         0 |        0 |       40.50 |            |              | 0:00:00  |        4852 |      |     |
| drv_fixing_2            |     0.000 |    2.681 |         0 |        0 |       41.68 |            |              | 0:00:02  |        5041 |   36 | 124 |
| global_opt              |           |    2.681 |           |        0 |       41.68 |            |              | 0:00:00  |        5061 |      |     |
| area_reclaiming         |     0.000 |    2.681 |         0 |        0 |       41.65 |            |              | 0:00:01  |        5061 |      |     |
| incremental_replacement |           |          |           |          |             |       3.54 |        57.57 | 0:00:14  |        5098 |      |     |
| drv_fixing_3            |     2.683 |    0.000 |         0 |        0 |       42.00 |            |              | 0:00:01  |        5244 |    0 |   0 |
| area_reclaiming_2       |     0.000 |    2.683 |         0 |        0 |       41.95 |            |              | 0:00:01  |        5245 |      |     |
| drv_eco_fixing          |     0.000 |    2.683 |         0 |        0 |       41.95 |            |              | 0:00:01  |        5246 |   38 |  49 |
| final_summary           |           |    0.000 |           |        0 |       41.95 |            |              | 0:00:03  |        5141 |    0 |   0 |
 ------------------------------------------------------------------------------------------------------------------------------------------------------- 
