 ------------------------------------------------------------------------------------------------------------------------------------------------------- 
| Snapshot                | WNS                  | TNS                  | Density (%) | Hotspot                   | Resource               | DRVs       |
|                         | HEPG (ns) | ALL (ns) | HEPG (ns) | ALL (ns) |             | Max (bins) | Total (bins) | Real (s) | Memory (MB) | Tran | Cap |
|-------------------------+-----------+----------+-----------+----------+-------------+------------+--------------+----------+-------------+------+-----|
| initial_summary         |           |    0.000 |           |        0 |       41.91 |            |              | 0:00:01  |        5407 |    0 |   0 |
| route_type_refinement   |           |          |           |          |             |            |              | 0:00:00  |        5446 |      |     |
| simplify_netlist        |           |          |           |          |             |            |              | 0:00:01  |        5452 |      |     |
| excluded_clk_net_fixing |           |          |           |          |             |            |              | 0:00:00  |        5452 |      |     |
| global_opt              |           |    2.680 |           |        0 |       41.91 |            |              | 0:00:01  |        5479 |      |     |
| area_reclaiming         |     0.000 |    2.680 |         0 |        0 |       41.89 |            |              | 0:00:01  |        5496 |      |     |
| area_reclaiming_2       |     0.000 |    2.680 |         0 |        0 |       41.89 |            |              | 0:00:01  |        5498 |      |     |
| local_wire_reclaim      |           |          |           |          |             |            |              | 0:00:09  |        5505 |      |     |
| global_route            |           |          |           |          |             |       4.92 |        35.61 | 0:00:01  |        5457 |      |     |
| route_type_refinement_2 |           |          |           |          |             |            |              | 0:00:00  |        5457 |      |     |
| drv_eco_fixing          |     0.000 |    2.681 |         0 |        0 |       41.90 |            |              | 0:00:00  |        5599 |   26 |  32 |
| final_summary           |           |    0.000 |           |        0 |       41.90 |       4.85 |        39.21 | 0:00:04  |        5536 |    0 |   0 |
 ------------------------------------------------------------------------------------------------------------------------------------------------------- 
