 ------------------------------------------------------------------------------------------------------------------------------------------------------- 
| Snapshot                | WNS                  | TNS                  | Density (%) | Hotspot                   | Resource               | DRVs       |
|                         | HEPG (ns) | ALL (ns) | HEPG (ns) | ALL (ns) |             | Max (bins) | Total (bins) | Real (s) | Memory (MB) | Tran | Cap |
|-------------------------+-----------+----------+-----------+----------+-------------+------------+--------------+----------+-------------+------+-----|
| initial_summary         |           |    0.000 |           |        0 |       36.53 |            |              | 0:00:01  |        5295 |    0 |   0 |
| route_type_refinement   |           |          |           |          |             |            |              | 0:00:00  |        5296 |      |     |
| simplify_netlist        |           |          |           |          |             |            |              | 0:00:01  |        5306 |      |     |
| excluded_clk_net_fixing |           |          |           |          |             |            |              | 0:00:00  |        5306 |      |     |
| global_opt              |           |    2.682 |           |        0 |       36.53 |            |              | 0:00:00  |        5335 |      |     |
| area_reclaiming         |     0.000 |    2.682 |         0 |        0 |       36.51 |            |              | 0:00:01  |        5429 |      |     |
| area_reclaiming_2       |     0.000 |    2.682 |         0 |        0 |       36.50 |            |              | 0:00:02  |        5434 |      |     |
| local_wire_reclaim      |           |          |           |          |             |            |              | 0:00:06  |        5485 |      |     |
| global_route            |           |          |           |          |             |       5.57 |        37.84 | 0:00:01  |        5358 |      |     |
| route_type_refinement_2 |           |          |           |          |             |            |              | 0:00:00  |        5358 |      |     |
| drv_eco_fixing          |     0.000 |    2.681 |         0 |        0 |       36.51 |            |              | 0:00:00  |        5490 |    0 |   1 |
| final_summary           |           |    0.000 |           |        0 |       36.51 |            |              | 0:00:02  |        5430 |    0 |   0 |
 ------------------------------------------------------------------------------------------------------------------------------------------------------- 
