 ------------------------------------------------------------------------------------------------------------------------------------------------------- 
| Snapshot                | WNS                  | TNS                  | Density (%) | Hotspot                   | Resource               | DRVs       |
|                         | HEPG (ns) | ALL (ns) | HEPG (ns) | ALL (ns) |             | Max (bins) | Total (bins) | Real (s) | Memory (MB) | Tran | Cap |
|-------------------------+-----------+----------+-----------+----------+-------------+------------+--------------+----------+-------------+------+-----|
| initial_summary         |           |    0.000 |           |        0 |       40.50 |            |              | 0:00:01  |        4564 |   84 | 261 |
| simplify_netlist        |           |          |           |          |             |            |              | 0:00:01  |        4581 |      |     |
| drv_fixing              |     0.000 |    2.674 |         0 |        0 |       40.50 |            |              | 0:00:00  |        4587 |      |     |
| drv_fixing_2            |     0.000 |    2.674 |         0 |        0 |       41.69 |            |              | 0:00:02  |        5085 |   34 | 104 |
| global_opt              |           |    2.674 |           |        0 |       41.69 |            |              | 0:00:01  |        5104 |      |     |
| area_reclaiming         |     0.000 |    2.674 |         0 |        0 |       41.65 |            |              | 0:00:01  |        5103 |      |     |
| incremental_replacement |           |          |           |          |             |       3.02 |        40.39 | 0:00:18  |        5533 |      |     |
| drv_fixing_3            |     2.679 |    0.000 |         0 |        0 |       41.96 |            |              | 0:00:01  |        5284 |    0 |   0 |
| area_reclaiming_2       |     0.000 |    2.679 |         0 |        0 |       41.91 |            |              | 0:00:01  |        5286 |      |     |
| drv_eco_fixing          |     0.000 |    2.679 |         0 |        0 |       41.91 |            |              | 0:00:00  |        5287 |   37 |  42 |
| final_summary           |           |    0.000 |           |        0 |       41.91 |            |              | 0:00:03  |        5190 |    0 |   0 |
 ------------------------------------------------------------------------------------------------------------------------------------------------------- 
