 ------------------------------------------------------------------------------------------------------------------------------------------------------- 
| Snapshot                | WNS                  | TNS                  | Density (%) | Hotspot                   | Resource               | DRVs       |
|                         | HEPG (ns) | ALL (ns) | HEPG (ns) | ALL (ns) |             | Max (bins) | Total (bins) | Real (s) | Memory (MB) | Tran | Cap |
|-------------------------+-----------+----------+-----------+----------+-------------+------------+--------------+----------+-------------+------+-----|
| initial_summary         |           |    0.000 |           |        0 |       41.95 |            |              | 0:00:01  |        5123 |    0 |   0 |
| route_type_refinement   |           |          |           |          |             |            |              | 0:00:01  |        5123 |      |     |
| simplify_netlist        |           |          |           |          |             |            |              | 0:00:00  |        5134 |      |     |
| excluded_clk_net_fixing |           |          |           |          |             |            |              | 0:00:00  |        5134 |      |     |
| global_opt              |           |    2.683 |           |        0 |       41.95 |            |              | 0:00:01  |        5159 |      |     |
| area_reclaiming         |     0.000 |    2.683 |         0 |        0 |       41.94 |            |              | 0:00:01  |        5171 |      |     |
| area_reclaiming_2       |     0.000 |    2.683 |         0 |        0 |       41.94 |            |              | 0:00:01  |        5170 |      |     |
| local_wire_reclaim      |           |          |           |          |             |            |              | 0:00:10  |        5216 |      |     |
| global_route            |           |          |           |          |             |       3.28 |        32.66 | 0:00:01  |        5163 |      |     |
| route_type_refinement_2 |           |          |           |          |             |            |              | 0:00:00  |        5163 |      |     |
| drv_eco_fixing          |     0.000 |    2.683 |         0 |        0 |       41.95 |            |              | 0:00:01  |        5272 |   37 |  47 |
| final_summary           |           |    0.000 |           |        0 |       41.95 |            |              | 0:00:03  |        5237 |    0 |   0 |
 ------------------------------------------------------------------------------------------------------------------------------------------------------- 
