 ------------------------------------------------------------------------------------------------------------------------------------------------------- 
| Snapshot                | WNS                  | TNS                  | Density (%) | Hotspot                   | Resource               | DRVs       |
|                         | HEPG (ns) | ALL (ns) | HEPG (ns) | ALL (ns) |             | Max (bins) | Total (bins) | Real (s) | Memory (MB) | Tran | Cap |
|-------------------------+-----------+----------+-----------+----------+-------------+------------+--------------+----------+-------------+------+-----|
| initial_summary         |           |   -0.618 |           |       -1 |       36.52 |            |              | 0:00:02  |        5002 |    0 |   0 |
| route_type_refinement   |           |          |           |          |             |            |              | 0:00:00  |        5002 |      |     |
| simplify_netlist        |           |          |           |          |             |            |              | 0:00:00  |        5002 |      |     |
| drv_fixing              |     0.000 |    2.679 |         0 |        0 |       36.52 |            |              | 0:00:01  |        5002 |      |     |
| global_opt              |           |    2.679 |           |        0 |       36.52 |            |              | 0:00:01  |        5025 |      |     |
| area_reclaiming         |     0.000 |    2.679 |         0 |        0 |       36.50 |            |              | 0:00:01  |        5125 |      |     |
| incremental_replacement |    -0.604 |   -0.604 |           |       -1 |             |       5.64 |        49.84 | 0:00:10  |        5142 |      |     |
| drv_fixing_2            |     2.679 |   -0.604 |         0 |       -1 |       36.51 |            |              | 0:00:01  |        5097 |    0 |   0 |
| tns_fixing              |     0.000 |    2.679 |         0 |        0 |       36.51 |            |              | 0:00:01  |        5544 |      |     |
| wns_fixing              |     0.000 |    2.679 |         0 |        0 |       36.51 |            |              | 0:00:01  |        5542 |      |     |
| tns_fixing_2            |     0.000 |    2.679 |         0 |        0 |       36.51 |            |              | 0:00:01  |        5544 |      |     |
| area_reclaiming_2       |     0.000 |    2.679 |         0 |        0 |       36.50 |            |              | 0:00:01  |        5139 |      |     |
| drv_eco_fixing          |     0.000 |    2.679 |         0 |        0 |       36.50 |            |              | 0:00:01  |        5137 |    0 |   1 |
| final_summary           |           |   -0.604 |           |       -1 |       36.50 |            |              | 0:00:04  |        5085 |    0 |   0 |
 ------------------------------------------------------------------------------------------------------------------------------------------------------- 
